*** Using Compiler 'V5.06 update 5 (build 528)', folder: 'D:\Application\Keil5 MDK\ARM\ARMCC\Bin'
Rebuild target 'FreeRTOS'
assembling startup_stm32f40_41xxx.s...
compiling system_stm32f4xx.c...
compiling stm32f4xx_it.c...
compiling usartx.c...
compiling sys.c...
compiling usart.c...
compiling oled.c...
compiling adc.c...
compiling encoder.c...
compiling delay.c...
compiling LED.C...
compiling motor.c...
compiling key.c...
compiling main.c...
compiling misc.c...
compiling lidar.c...
compiling stm32f4xx_gpio.c...
compiling stm32f4xx_rcc.c...
compiling stm32f4xx_syscfg.c...
compiling stm32f4xx_usart.c...
compiling stm32f4xx_adc.c...
compiling stm32f4xx_can.c...
compiling stm32f4xx_pwr.c...
compiling stm32f4xx_tim.c...
compiling croutine.c...
compiling list.c...
compiling event_groups.c...
compiling queue.c...
compiling project_link.c...
compiling port.c...
compiling timers.c...
compiling tasks.c...
compiling heap_4.c...
compiling system.c...
compiling balance.c...
compiling robot_select_init.c...
compiling show.c...
compiling project_board.c...
linking...
Program Size: Code=22348 RO-data=5716 RW-data=352 ZI-data=26184  
FromELF: creating hex file...
After Build - User command #1: fromelf --bin --output=..\WHEELTEC.bin ..\OBJ\WHEELTEC.axf
"..\OBJ\WHEELTEC.axf" - 0 Error(s), 0 Warning(s).
Build Time Elapsed:  00:00:05
